// Jest Snapshot v1, https://goo.gl/fbAQLP

exports[`change-password.vue should match snapshot 1`] = `
<section class="container container--fluid" id="change-password">
  <div class="row justify-center">
    <div class="v-card--material pa-3 pa-6 v-card v-sheet theme--light v-card--material--has-heading" style="min-width: 50%;" min-width="50%">
      <div class="d-flex grow flex-wrap">
        <div class="text-start v-card--material__heading mb-n6 v-sheet theme--dark elevation-6 info pa-7" style="width: 100%;">
          <div class="display-2 font-weight-light">
            Change Password
          </div>
          <div class="subtitle-1 font-weight-light">
            Fill in your current and new password
          </div>
          <!---->
          <!---->
        </div>
        <!---->
      </div> <span> <!----> <!----></span>
      <form novalidate="novalidate" method="post" class="v-form">
        <div class="container py-0">
          <div class="row">
            <div class="v-input purple-input theme--light v-text-field">
              <div class="v-input__control">
                <div class="v-input__slot">
                  <div class="v-text-field__slot"><label for="input-9" class="v-label theme--light" style="right: 0px; position: absolute;">Current Password*</label><input id="input-9" type="password"></div>
                </div>
                <div class="v-text-field__details">
                  <div class="v-messages theme--light">
                    <transition-group-stub tag="div" name="message-transition" class="v-messages__wrapper"></transition-group-stub>
                  </div>
                </div>
              </div>
            </div>
          </div>
          <div class="row">
            <div class="v-input purple-input theme--light v-text-field">
              <div class="v-input__control">
                <div class="v-input__slot">
                  <div class="v-text-field__slot"><label for="input-12" class="v-label theme--light" style="right: 0px; position: absolute;">New Password*</label><input id="input-12" type="password"></div>
                </div>
                <div class="v-text-field__details">
                  <div class="v-messages theme--light">
                    <transition-group-stub tag="div" name="message-transition" class="v-messages__wrapper"></transition-group-stub>
                  </div>
                </div>
              </div>
            </div>
          </div>
          <div class="row">
            <div class="v-input purple-input theme--light v-text-field">
              <div class="v-input__control">
                <div class="v-input__slot">
                  <div class="v-text-field__slot"><label for="input-15" class="v-label theme--light" style="right: 0px; position: absolute;">Repeat New Password*</label><input id="input-15" type="password"></div>
                </div>
                <div class="v-text-field__details">
                  <div class="v-messages theme--light">
                    <transition-group-stub tag="div" name="message-transition" class="v-messages__wrapper"></transition-group-stub>
                  </div>
                </div>
              </div>
            </div>
          </div>
          <div class="text-right col col-12"><button type="submit" class="mr-0 v-btn v-btn--contained theme--light v-size--default info"><span class="v-btn__content">
              Change Password
            </span></button></div>
        </div>
      </form>
      <!---->
    </div>
  </div>
</section>
`;
